Collecting filelock==4.0.1 (from -r requirements.lock.txt (line 1))
  Using cached filelock-4.0.1-py3-none-any.whl.metadata (2.0 kB)
Collecting fsspec==2026.9.0 (from -r requirements.lock.txt (line 2))
  Using cached fsspec-2026.9.0-py3-none-any.whl.metadata (10 kB)
Collecting hypothesis==6.168.0 (from -r requirements.lock.txt (line 3))
  Using cached hypothesis-6.168.0-cp312-cp312-macosx_11_0_arm64.whl.metadata (5.7 kB)
Collecting iniconfig==2.3.0 (from -r requirements.lock.txt (line 4))
  Using cached iniconfig-2.3.0-py3-none-any.whl.metadata (2.5 kB)
Collecting Jinja2==3.1.6 (from -r requirements.lock.txt (line 5))
  Using cached jinja2-3.1.6-py3-none-any.whl.metadata (2.9 kB)
Collecting MarkupSafe==3.0.3 (from -r requirements.lock.txt (line 6))
  Using cached markupsafe-3.0.3-cp312-cp312-macosx_11_0_arm64.whl.metadata (2.7 kB)
Collecting mpmath==1.3.0 (from -r requirements.lock.txt (line 7))
  Using cached mpmath-1.3.0-py3-none-any.whl.metadata (8.6 kB)
Collecting networkx==3.7 (from -r requirements.lock.txt (line 8))
  Using cached networkx-3.7-py3-none-any.whl.metadata (6.7 kB)
Collecting numpy==2.5.3 (from -r requirements.lock.txt (line 9))
  Using cached numpy-2.5.3-cp312-cp312-macosx_14_0_arm64.whl.metadata (6.6 kB)
Collecting packaging==26.3 (from -r requirements.lock.txt (line 10))
  Using cached packaging-26.3-py3-none-any.whl.metadata (3.5 kB)
Collecting pluggy==1.6.0 (from -r requirements.lock.txt (line 11))
  Using cached pluggy-1.6.0-py3-none-any.whl.metadata (4.8 kB)
Collecting Pygments==2.21.0 (from -r requirements.lock.txt (line 12))
  Using cached pygments-2.21.0-py3-none-any.whl.metadata (2.5 kB)
Collecting pytest==9.1.1 (from -r requirements.lock.txt (line 13))
  Using cached pytest-9.1.1-py3-none-any.whl.metadata (7.6 kB)
Collecting PyYAML==6.0.3 (from -r requirements.lock.txt (line 14))
  Using cached pyyaml-6.0.3-cp312-cp312-macosx_11_0_arm64.whl.metadata (2.4 kB)
Collecting ruff==0.16.8 (from -r requirements.lock.txt (line 15))
  Using cached ruff-0.16.8-py3-none-macosx_11_0_arm64.whl.metadata (20 kB)
Collecting scipy==1.18.1 (from -r requirements.lock.txt (line 16))
  Using cached scipy-1.18.1-cp312-cp312-macosx_14_0_arm64.whl.metadata (62 kB)
Collecting setuptools==84.0.0 (from -r requirements.lock.txt (line 17))
  Using cached setuptools-84.0.0-py3-none-any.whl.metadata (6.6 kB)
Collecting sortedcontainers==2.4.0 (from -r requirements.lock.txt (line 18))
  Using cached sortedcontainers-2.4.0-py2.py3-none-any.whl.metadata (10 kB)
Collecting sympy==1.14.0 (from -r requirements.lock.txt (line 19))
  Using cached sympy-1.14.0-py3-none-any.whl.metadata (12 kB)
Collecting torch==2.14.0 (from -r requirements.lock.txt (line 20))
  Using cached torch-2.14.0-cp312-cp312-macosx_14_0_arm64.whl.metadata (38 kB)
Collecting typing_extensions==4.16.0 (from -r requirements.lock.txt (line 21))
  Using cached typing_extensions-4.16.0-py3-none-any.whl.metadata (3.3 kB)
Collecting wheel==0.48.0 (from -r requirements.lock.txt (line 22))
  Using cached wheel-0.48.0-py3-none-any.whl.metadata (2.3 kB)
Would install Jinja2-3.1.6 MarkupSafe-3.0.3 PyYAML-6.0.3 Pygments-2.21.0 filelock-4.0.1 fsspec-2026.9.0 hypothesis-6.168.0 iniconfig-2.3.0 mpmath-1.3.0 networkx-3.7 numpy-2.5.3 packaging-26.3 pluggy-1.6.0 pytest-9.1.1 ruff-0.16.8 scipy-1.18.1 setuptools-84.0.0 sortedcontainers-2.4.0 sympy-1.14.0 torch-2.14.0 typing_extensions-4.16.0 wheel-0.48.0
