3109-order-learned_coordinates
3109-order-identity_coordinates
3109-order-vector
3109-order-bilinear
3109-order-binding
3109-count-learned_coordinates
3109-count-identity_coordinates
3109-count-vector
3109-count-bilinear
3109-count-binding
3119-order-learned_coordinates
3119-order-identity_coordinates
3119-order-vector
3119-order-bilinear
3119-order-binding
3119-count-learned_coordinates
3119-count-identity_coordinates
3119-count-vector
3119-count-bilinear
3119-count-binding
3121-order-learned_coordinates
3121-order-identity_coordinates
3121-order-vector
3121-order-bilinear
3121-order-binding
3121-count-learned_coordinates
3121-count-identity_coordinates
3121-count-vector
3121-count-bilinear
3121-count-binding
3137-order-learned_coordinates
3137-order-identity_coordinates
3137-order-vector
3137-order-bilinear
3137-order-binding
3137-count-learned_coordinates
3137-count-identity_coordinates
3137-count-vector
3137-count-bilinear
3137-count-binding
3163-order-learned_coordinates
3163-order-identity_coordinates
3163-order-vector
3163-order-bilinear
3163-order-binding
3163-count-learned_coordinates
3163-count-identity_coordinates
3163-count-vector
3163-count-bilinear
3163-count-binding
3167-order-learned_coordinates
3167-order-identity_coordinates
3167-order-vector
3167-order-bilinear
3167-order-binding
3167-count-learned_coordinates
3167-count-identity_coordinates
3167-count-vector
3167-count-bilinear
3167-count-binding
3169-order-learned_coordinates
3169-order-identity_coordinates
3169-order-vector
3169-order-bilinear
3169-order-binding
3169-count-learned_coordinates
3169-count-identity_coordinates
3169-count-vector
3169-count-bilinear
3169-count-binding
3181-order-learned_coordinates
3181-order-identity_coordinates
3181-order-vector
3181-order-bilinear
3181-order-binding
3181-count-learned_coordinates
3181-count-identity_coordinates
3181-count-vector
3181-count-bilinear
3181-count-binding
